>>> say_my_name = __import__('3-say_my_name').say_my_name

(str as input)
>>> say_my_name("Rumple", "Stiltskin")
My name is Rumple Stiltskin

(int as input)
>>> say_my_name(12, "Stiltskin")
Traceback (most recent call last):
    ...
TypeError: first_name must be a string

>>> say_my_name("Rumple", 12)
Traceback (most recent call last):
    ...
TypeError: last_name must be a string

(tuple as input)
>>> say_my_name(("Rumple", "Stiltskin"))
Traceback (most recent call last):
    ...
TypeError: first_name must be a string

(float as input)
>>> say_my_name("Rumple", 12.3)
Traceback (most recent call last):
    ...
TypeError: last_name must be a string

>>> say_my_name(12.3, "Stiltskin")
Traceback (most recent call last):
    ...
TypeError: first_name must be a string

(nan as input)
>>> say_my_name("Rumple", float('nan'))
Traceback (most recent call last):
    ...
TypeError: last_name must be a string

>>> say_my_name(float('nan'), "Stiltskin")
Traceback (most recent call last):
    ...
TypeError: first_name must be a string

(inf as input)
>>> say_my_name("Rumple", float('inf'))
Traceback (most recent call last):
    ...
TypeError: last_name must be a string

>>> say_my_name(float('inf'), "Stiltskin")
Traceback (most recent call last):
    ...
TypeError: first_name must be a string

(missing input)
>>> say_my_name()
Traceback (most recent call last):
    ...
TypeError: say_my_name() missing 1 required positional argument: 'first_name'
